// Jest Snapshot v1, https://goo.gl/fbAQLP

exports[`Artist component renders Artist 1`] = `
<Link
  to="/artist/2/John"
>
  <h2>
    John
  </h2>
</Link>
`;
